// Jest Snapshot v1, https://goo.gl/fbAQLP

exports[`render header component snap shot testing 1`] = `
<DocumentFragment>
  <section
    class="header"
  />
</DocumentFragment>
`;
